<html>
<body>
<pre>
<h1>µVision Build Log</h1>
<h2>Tool Versions:</h2>
IDE-Version: µVision V5.29.0.0
Copyright (C) 2019 ARM Ltd and ARM Germany GmbH. All rights reserved.
License Information: Mohamed Mohamed Aboelhassan, FreeLancing, LIC=----
 
Tool Versions:
Toolchain:       MDK-Lite  Version: 5.29.0.0
Toolchain Path:  D:\Mohamed_Documents\Embedded\Sources\ARM_&_TM4C_Software_Sources\ARM_KEIL\ARM\ARMCC\Bin
C Compiler:      Armcc.exe V5.06 update 6 (build 750)
Assembler:       Armasm.exe V5.06 update 6 (build 750)
Linker/Locator:  ArmLink.exe V5.06 update 6 (build 750)
Library Manager: ArmAr.exe V5.06 update 6 (build 750)
Hex Converter:   FromElf.exe V5.06 update 6 (build 750)
CPU DLL:         SARMCM3.DLL V5.29.0.0
Dialog DLL:      DCM.DLL V1.17.3.0
Target DLL:      UL2CM3.DLL V1.163.0.0
Dialog DLL:      TCM.DLL V1.36.5.0
 
<h2>Project:</h2>
D:\Mohamed_Documents\Embedded\Materials\ARM\Sources\Sprints_Course\Workspace_Sprints\AMC_Project\TM4C123_Drivers.uvprojx
Project File Date:  07/30/2020

<h2>Output:</h2>
*** Using Compiler 'V5.06 update 6 (build 750)', folder: 'D:\Mohamed_Documents\Embedded\Sources\ARM_&_TM4C_Software_Sources\ARM_KEIL\ARM\ARMCC\Bin'
Rebuild target 'Target 1'
compiling S05_PortUser.c...
compiling S03_NvicUser.c...
compiling S02_CpuUser.c...
..\Sprints_ARM_TivaC\Sprints_ARM_MC01\src\appl\S02_CpuUser.c(6): warning:  #1267-D: Implicit physical register R0 should be defined as a variable
  	CPU_SWITCH_TO_USERMODE();
..\Sprints_ARM_TivaC\Sprints_ARM_MC01\src\appl\S02_CpuUser.c: 1 warning, 0 errors
compiling S04_McuUser.c...
compiling S06_AdcUser.c...
compiling MainApp.c...
..\Sprints_ARM_TivaC\Sprints_ARM_MC01\src\appl\MainApp.c(13): warning:  #550-D: variable "Channel_Level"  was set but never used
  	uint8 Channel_Level =5u;
..\Sprints_ARM_TivaC\Sprints_ARM_MC01\src\appl\MainApp.c: 1 warning, 0 errors
compiling _01_nvic_user.c...
compiling Cpu.c...
..\Sprints_ARM_TivaC\Sprints_ARM_MC01\src\mcal\Cpu.c(74): warning:  #1267-D: Implicit physical register R0 should be defined as a variable
  	CPU_SWITCH_TO_PRIVMODE_LOCAL();
..\Sprints_ARM_TivaC\Sprints_ARM_MC01\src\mcal\Cpu.c: 1 warning, 0 errors
compiling Nvic.c...
compiling Mcu_Lcfg.c...
compiling Dio.c...
compiling Nvic_Lcfg.c...
compiling Mcu.c...
compiling Port.c...
compiling Port_Lcfg.c...
compiling ADC.c...
..\Sprints_ARM_TivaC\Sprints_ARM_MC01\src\mcal\ADC.c(227): warning:  #513-D: a value of type "const SS_CHs_Type *" cannot be assigned to an entity of type "SS_CHs_Type *"
  					loc_ADCCHgroup	= ChGroup_0;
..\Sprints_ARM_TivaC\Sprints_ARM_MC01\src\mcal\ADC.c(249): warning:  #513-D: a value of type "const SS_CHs_Type *" cannot be assigned to an entity of type "SS_CHs_Type *"
  						loc_ADCCHgroup	= ChGroup_1;
..\Sprints_ARM_TivaC\Sprints_ARM_MC01\src\mcal\ADC.c(266): warning:  #513-D: a value of type "const SS_CHs_Type *" cannot be assigned to an entity of type "SS_CHs_Type *"
  						loc_ADCCHgroup	= ChGroup_2;
..\Sprints_ARM_TivaC\Sprints_ARM_MC01\src\mcal\ADC.c(202): warning:  #550-D: variable "loc_ADCGrpConvMode"  was set but never used
  	ADCGrpConvModeType		loc_ADCGrpConvMode;
..\Sprints_ARM_TivaC\Sprints_ARM_MC01\src\mcal\ADC.c(203): warning:  #550-D: variable "loc_ADC_Notification"  was set but never used
  	ADC_PtrToFunType			loc_ADC_Notification;
..\Sprints_ARM_TivaC\Sprints_ARM_MC01\src\mcal\ADC.c(205): warning:  #550-D: variable "loc_MonitorVar"  was set but never used
  	uint8 loc_MonitorVar = 0;
..\Sprints_ARM_TivaC\Sprints_ARM_MC01\src\mcal\ADC.c(312): warning:  #550-D: parameter "DataBufferPtr"  was set but never used
  Std_ReturnType ADC_SetupResultBuffer( ADC_GroupType Group, Adc_ValueGroupType* DataBufferPtr)
..\Sprints_ARM_TivaC\Sprints_ARM_MC01\src\mcal\ADC.c(706): warning:  #940-D: missing return statement at end of non-void function "Adc_GetStreamLastPointer" 
  }
..\Sprints_ARM_TivaC\Sprints_ARM_MC01\src\mcal\ADC.c(674): warning:  #550-D: parameter "PtrToSamplePtr"  was set but never used
  Adc_StreamNumSampleType Adc_GetStreamLastPointer( ADC_GroupType Group, Adc_ValueGroupType** PtrToSamplePtr)
..\Sprints_ARM_TivaC\Sprints_ARM_MC01\src\mcal\ADC.c(73): warning:  #177-D: variable "Buffer_SS1_Count"  was declared but never referenced
  static uint16  Buffer_SS1_Count;
..\Sprints_ARM_TivaC\Sprints_ARM_MC01\src\mcal\ADC.c(74): warning:  #177-D: variable "Buffer_SS2_Count"  was declared but never referenced
  static uint16  Buffer_SS2_Count;
..\Sprints_ARM_TivaC\Sprints_ARM_MC01\src\mcal\ADC.c(75): warning:  #177-D: variable "Buffer_SS3_Count"  was declared but never referenced
  static uint16  Buffer_SS3_Count;
..\Sprints_ARM_TivaC\Sprints_ARM_MC01\src\mcal\ADC.c: 12 warnings, 0 errors
compiling ADC_Lcfg.c...
assembling startup_TM4C123.s...
compiling system_TM4C123.c...
linking...
Program Size: Code=2208 RO-data=756 RW-data=28 ZI-data=1412  
FromELF: creating hex file...
".\Objects\TM4C123_Drivers.axf" - 0 Error(s), 15 Warning(s).

<h2>Software Packages used:</h2>

Package Vendor: ARM
                http://www.keil.com/pack/ARM.CMSIS.5.6.0.pack
                ARM.CMSIS.5.6.0
                CMSIS (Cortex Microcontroller Software Interface Standard)
   * Component: CORE Version: 5.3.0

Package Vendor: Keil
                http://www.keil.com/pack/Keil.TM4C_DFP.1.1.0.pack
                Keil.TM4C_DFP.1.1.0
                Texas Instruments Tiva C Series Device Support and Examples
   * Component: Startup Version: 1.0.1

<h2>Collection of Component include folders:</h2>
  .\RTE\_Target_1
  C:\Users\Mohamed Aboelhassan\AppData\Local\Arm\Packs\ARM\CMSIS\5.6.0\CMSIS\Core\Include
  C:\Users\Mohamed Aboelhassan\AppData\Local\Arm\Packs\Keil\TM4C_DFP\1.1.0\Device\Include\TM4C123

<h2>Collection of Component Files used:</h2>

   * Component: ARM::CMSIS:CORE:5.3.0

   * Component: Keil::Device:Startup:1.0.1
      Source file:   Device\Source\system_TM4C123.c
      Source file:   Device\Source\ARM\startup_TM4C123.s
      Include file:  Device\Include\TM4C123\TM4C123.h
Build Time Elapsed:  00:00:02
</pre>
</body>
</html>
