<html>
<body>
<pre>
<h1>µVision Build Log</h1>
<h2>Tool Versions:</h2>
IDE-Version: µVision V5.29.0.0
Copyright (C) 2019 ARM Ltd and ARM Germany GmbH. All rights reserved.
License Information: Mohamed Mohamed Aboelhassan, FreeLancing, LIC=----
 
Tool Versions:
Toolchain:       MDK-Lite  Version: 5.29.0.0
Toolchain Path:  D:\Mohamed_Documents\Embedded\Sources\ARM_&_TM4C_Software_Sources\ARM_KEIL\ARM\ARMCC\Bin
C Compiler:      Armcc.exe V5.06 update 6 (build 750)
Assembler:       Armasm.exe V5.06 update 6 (build 750)
Linker/Locator:  ArmLink.exe V5.06 update 6 (build 750)
Library Manager: ArmAr.exe V5.06 update 6 (build 750)
Hex Converter:   FromElf.exe V5.06 update 6 (build 750)
CPU DLL:         SARMCM3.DLL V5.29.0.0
Dialog DLL:      DCM.DLL V1.17.3.0
Target DLL:      UL2CM3.DLL V1.163.0.0
Dialog DLL:      TCM.DLL V1.36.5.0
 
<h2>Project:</h2>
D:\Mohamed_Documents\Embedded\Materials\ARM\Sources\Sprints_Course\Workspace_Sprints\AMC_Project\TM4C123_Drivers.uvprojx
Project File Date:  07/12/2020

<h2>Output:</h2>
*** Using Compiler 'V5.06 update 6 (build 750)', folder: 'D:\Mohamed_Documents\Embedded\Sources\ARM_&_TM4C_Software_Sources\ARM_KEIL\ARM\ARMCC\Bin'
Rebuild target 'Target 1'
compiling S02_CpuUser.c...
compiling MainApp.c...
compiling S03_NvicUser.c...
compiling Dio.c...
compiling S04_McuUser.c...
compiling Cpu.c...
..\Sprints_ARM_TivaC\Sprints_ARM_MC01\src\mcal\Cpu.c(74): warning:  #1267-D: Implicit physical register R0 should be defined as a variable
  	CPU_SWITCH_TO_PRIVMODE_LOCAL();
..\Sprints_ARM_TivaC\Sprints_ARM_MC01\src\mcal\Cpu.c: 1 warning, 0 errors
compiling _01_nvic_user.c...
compiling S05_PortUser.c...
compiling Mcu_Lcfg.c...
compiling Port.c...
compiling Mcu.c...
..\Sprints_ARM_TivaC\Sprints_ARM_MC01\src\mcal\Mcu.c(210): warning:  #188-D: enumerated type mixed with another type
  	return PLLSTAT;
..\Sprints_ARM_TivaC\Sprints_ARM_MC01\src\mcal\Mcu.c: 1 warning, 0 errors
compiling Port_Lcfg.c...
compiling Nvic.c...
compiling Nvic_Lcfg.c...
assembling startup_TM4C123.s...
compiling system_TM4C123.c...
linking...
Program Size: Code=1264 RO-data=680 RW-data=0 ZI-data=608  
".\Objects\TM4C123_Drivers.axf" - 0 Error(s), 2 Warning(s).

<h2>Software Packages used:</h2>

Package Vendor: ARM
                http://www.keil.com/pack/ARM.CMSIS.5.6.0.pack
                ARM.CMSIS.5.6.0
                CMSIS (Cortex Microcontroller Software Interface Standard)
   * Component: CORE Version: 5.3.0

Package Vendor: Keil
                http://www.keil.com/pack/Keil.TM4C_DFP.1.1.0.pack
                Keil.TM4C_DFP.1.1.0
                Texas Instruments Tiva C Series Device Support and Examples
   * Component: Startup Version: 1.0.1

<h2>Collection of Component include folders:</h2>
  .\RTE\_Target_1
  C:\Users\Mohamed Aboelhassan\AppData\Local\Arm\Packs\ARM\CMSIS\5.6.0\CMSIS\Core\Include
  C:\Users\Mohamed Aboelhassan\AppData\Local\Arm\Packs\Keil\TM4C_DFP\1.1.0\Device\Include\TM4C123

<h2>Collection of Component Files used:</h2>

   * Component: ARM::CMSIS:CORE:5.3.0

   * Component: Keil::Device:Startup:1.0.1
      Include file:  Device\Include\TM4C123\TM4C123.h
      Source file:   Device\Source\ARM\startup_TM4C123.s
      Source file:   Device\Source\system_TM4C123.c
Build Time Elapsed:  00:00:02
</pre>
</body>
</html>
